
> compta-backend@1.0.0 test
> vitest run


[1m[30m[46m RUN [49m[39m[22m [36mv4.1.7 [39m[90mC:/travaille/summoning systems/compta_code/backend[39m

 [31mÔØ»[39m src/__tests__/csvParser.test.ts [2m([22m[2m27 tests[22m[2m | [22m[31m13 failed[39m[2m)[22m[32m 18[2mms[22m[39m
[31m     [31m├ù[31m parse un montant fran├ºais (virgule d├®cimale)[39m[32m 6[2mms[22m[39m
[31m     [31m├ù[31m parse un montant US (virgule de milliers)[39m[32m 1[2mms[22m[39m
[31m     [31m├ù[31m parse un montant avec symbole Ôé¼[39m[32m 1[2mms[22m[39m
[31m     [31m├ù[31m cr├®dit positif[39m[32m 0[2mms[22m[39m
[31m     [31m├ù[31m retourne 0 pour une valeur vide[39m[32m 1[2mms[22m[39m
     [32mÔ£ô[39m convertit DD/MM/YYYY en YYYY-MM-DD[32m 0[2mms[22m[39m
     [32mÔ£ô[39m accepte le format ISO directement[32m 0[2mms[22m[39m
     [32mÔ£ô[39m Logiciel ÔåÆ software[32m 0[2mms[22m[39m
     [32mÔ£ô[39m H├®bergement ÔåÆ hosting[32m 0[2mms[22m[39m
     [32mÔ£ô[39m Loyer ÔåÆ rent[32m 0[2mms[22m[39m
     [32mÔ£ô[39m D├®placement ÔåÆ travel[32m 0[2mms[22m[39m
     [32mÔ£ô[39m Alimentaire ÔåÆ food (pas restaurant)[32m 0[2mms[22m[39m
     [32mÔ£ô[39m Restaurant ÔåÆ restaurant[32m 0[2mms[22m[39m
     [32mÔ£ô[39m Salaire ÔåÆ salary[32m 0[2mms[22m[39m
     [32mÔ£ô[39m Imp├┤t ÔåÆ taxes[32m 0[2mms[22m[39m
     [32mÔ£ô[39m Assurance ÔåÆ insurance[32m 0[2mms[22m[39m
     [32mÔ£ô[39m Inconnu ÔåÆ misc[32m 0[2mms[22m[39m
[31m     [31m├ù[31m GITHUB ÔåÆ software[39m[32m 2[2mms[22m[39m
[31m     [31m├ù[31m STEAM ÔåÆ software[39m[32m 0[2mms[22m[39m
[31m     [31m├ù[31m Hiscox ÔåÆ insurance[39m[32m 0[2mms[22m[39m
[31m     [31m├ù[31m Amazon ÔåÆ equipment[39m[32m 0[2mms[22m[39m
[31m     [31m├ù[31m SNCF ÔåÆ travel[39m[32m 0[2mms[22m[39m
[31m     [31m├ù[31m FREE PRO ÔåÆ hosting[39m[32m 0[2mms[22m[39m
[31m     [31m├ù[31m Impots ÔåÆ taxes[39m[32m 0[2mms[22m[39m
     [32mÔ£ô[39m r├¿gle utilisateur ├®crase la d├®tection automatique[32m 0[2mms[22m[39m
     [32mÔ£ô[39m lit le compte depuis la colonne 'Compte Bancaire'[32m 0[2mms[22m[39m
[31m     [31m├ù[31m lit le tiers depuis la colonne 'Tiers'[39m[32m 0[2mms[22m[39m
node.exe : 
Au caractère Ligne:1 : 1
+ & "C:\Program Files\nodejs/node.exe" "C:\Users\akitl\AppData\Roaming\ ...
+ ~~~~~~~~~~~~~~~~~~~~~~~~~~~~~~~~~~~~~~~~~~~~~~~~~~~~~~~~~~~~~~~~~~~~~
    + CategoryInfo          : NotSpecified: (:String) [], RemoteException
    + FullyQualifiedErrorId : NativeCommandError
 
[31mÔÄ»ÔÄ»ÔÄ»ÔÄ»ÔÄ»ÔÄ»[39m[1m[41m Failed Tests 13 
[49m[22m[31mÔÄ»ÔÄ»ÔÄ»ÔÄ»ÔÄ»ÔÄ»ÔÄ»[39m

[41m[1m FAIL [22m[49m src/__tests__/csvParser.test.ts[2m > 
[22mparseFrenchAmount[2m > [22mparse un montant fran├ºais (virgule 
d├®cimale)
[31m[1mAssertionError[22m: expected undefined to be close to -1234.56, 
received difference is NaN, but expected 0.005[39m
[36m [2mÔØ»[22m src/__tests__/csvParser.test.ts:[2m26:23[22m[39m
    [90m 24|[39m     const csv = makeCsv([{ Date: "2024-01-01", Label: 
"Test", D├®bit: "ÔÇª
    [90m 25|[39m     [35mconst[39m [tx] [33m=[39m 
[34mparseCsv[39m(csv[33m,[39m [33mBASE_MAPPING[39m)[33m;[39m
    [90m 26|[39m     [34mexpect[39m(tx[33m.[39mamount)[33m.[39m[34mtoB
eCloseTo[39m([33m-[39m[34m1234.56[39m)[33m;[39m
    [90m   |[39m                       [31m^[39m
    [90m 27|[39m   })[33m;[39m
    [90m 28|[39m

[31m[2mÔÄ»ÔÄ»ÔÄ»ÔÄ»ÔÄ»ÔÄ»ÔÄ»ÔÄ»ÔÄ»ÔÄ»ÔÄ»ÔÄ»ÔÄ»ÔÄ»ÔÄ»ÔÄ»ÔÄ»ÔÄ»ÔÄ»ÔÄ»ÔÄ»ÔÄ»ÔÄ»[
1/13]ÔÄ»[22m[39m

[41m[1m FAIL [22m[49m src/__tests__/csvParser.test.ts[2m > 
[22mparseFrenchAmount[2m > [22mparse un montant US (virgule de milliers)
[31m[1mAssertionError[22m: expected undefined to be close to -4200, 
received difference is NaN, but expected 0.005[39m
[36m [2mÔØ»[22m src/__tests__/csvParser.test.ts:[2m32:23[22m[39m
    [90m 30|[39m     const csv = makeCsv([{ Date: "2024-01-01", Label: 
"Test", D├®bit: "ÔÇª
    [90m 31|[39m     [35mconst[39m [tx] [33m=[39m 
[34mparseCsv[39m(csv[33m,[39m [33mBASE_MAPPING[39m)[33m;[39m
    [90m 32|[39m     [34mexpect[39m(tx[33m.[39mamount)[33m.[39m[34mtoB
eCloseTo[39m([33m-[39m[34m4200.0[39m)[33m;[39m
    [90m   |[39m                       [31m^[39m
    [90m 33|[39m   })[33m;[39m
    [90m 34|[39m

[31m[2mÔÄ»ÔÄ»ÔÄ»ÔÄ»ÔÄ»ÔÄ»ÔÄ»ÔÄ»ÔÄ»ÔÄ»ÔÄ»ÔÄ»ÔÄ»ÔÄ»ÔÄ»ÔÄ»ÔÄ»ÔÄ»ÔÄ»ÔÄ»ÔÄ»ÔÄ»ÔÄ»[
2/13]ÔÄ»[22m[39m

[41m[1m FAIL [22m[49m src/__tests__/csvParser.test.ts[2m > 
[22mparseFrenchAmount[2m > [22mparse un montant avec symbole Ôé¼
[31m[1mAssertionError[22m: expected undefined to be close to -99, received 
difference is NaN, but expected 0.005[39m
[36m [2mÔØ»[22m src/__tests__/csvParser.test.ts:[2m38:23[22m[39m
    [90m 36|[39m     const csv = makeCsv([{ Date: "2024-01-01", Label: 
"Test", D├®bit: "ÔÇª
    [90m 37|[39m     [35mconst[39m [tx] [33m=[39m 
[34mparseCsv[39m(csv[33m,[39m [33mBASE_MAPPING[39m)[33m;[39m
    [90m 38|[39m     [34mexpect[39m(tx[33m.[39mamount)[33m.[39m[34mtoB
eCloseTo[39m([33m-[39m[34m99.0[39m)[33m;[39m
    [90m   |[39m                       [31m^[39m
    [90m 39|[39m   })[33m;[39m
    [90m 40|[39m

[31m[2mÔÄ»ÔÄ»ÔÄ»ÔÄ»ÔÄ»ÔÄ»ÔÄ»ÔÄ»ÔÄ»ÔÄ»ÔÄ»ÔÄ»ÔÄ»ÔÄ»ÔÄ»ÔÄ»ÔÄ»ÔÄ»ÔÄ»ÔÄ»ÔÄ»ÔÄ»ÔÄ»[
3/13]ÔÄ»[22m[39m

[41m[1m FAIL [22m[49m src/__tests__/csvParser.test.ts[2m > 
[22mparseFrenchAmount[2m > [22mcr├®dit positif
[31m[1mAssertionError[22m: expected undefined to be close to 500, received 
difference is NaN, but expected 0.005[39m
[36m [2mÔØ»[22m src/__tests__/csvParser.test.ts:[2m44:23[22m[39m
    [90m 42|[39m     const csv = makeCsv([{ Date: "2024-01-01", Label: 
"Virement entranÔÇª
    [90m 43|[39m     [35mconst[39m [tx] [33m=[39m 
[34mparseCsv[39m(csv[33m,[39m [33mBASE_MAPPING[39m)[33m;[39m
    [90m 44|[39m     [34mexpect[39m(tx[33m.[39mamount)[33m.[39m[34mtoB
eCloseTo[39m([34m500.0[39m)[33m;[39m
    [90m   |[39m                       [31m^[39m
    [90m 45|[39m   })[33m;[39m
    [90m 46|[39m

[31m[2mÔÄ»ÔÄ»ÔÄ»ÔÄ»ÔÄ»ÔÄ»ÔÄ»ÔÄ»ÔÄ»ÔÄ»ÔÄ»ÔÄ»ÔÄ»ÔÄ»ÔÄ»ÔÄ»ÔÄ»ÔÄ»ÔÄ»ÔÄ»ÔÄ»ÔÄ»ÔÄ»[
4/13]ÔÄ»[22m[39m

[41m[1m FAIL [22m[49m src/__tests__/csvParser.test.ts[2m > 
[22mparseFrenchAmount[2m > [22mretourne 0 pour une valeur vide
[31m[1mAssertionError[22m: expected undefined to be +0 // Object.is 
equality[39m

[32m- Expected:[39m
0

[31m+ Received:[39m
undefined

[36m [2mÔØ»[22m src/__tests__/csvParser.test.ts:[2m50:23[22m[39m
    [90m 48|[39m     const csv = makeCsv([{ Date: "2024-01-01", Label: 
"Test", D├®bit: "ÔÇª
    [90m 49|[39m     [35mconst[39m [tx] [33m=[39m 
[34mparseCsv[39m(csv[33m,[39m [33mBASE_MAPPING[39m)[33m;[39m
    [90m 50|[39m     [34mexpect[39m(tx[33m.[39mamount)[33m.[39m[34mtoB
e[39m([34m0[39m)[33m;[39m
    [90m   |[39m                       [31m^[39m
    [90m 51|[39m   })[33m;[39m
    [90m 52|[39m })[33m;[39m

[31m[2mÔÄ»ÔÄ»ÔÄ»ÔÄ»ÔÄ»ÔÄ»ÔÄ»ÔÄ»ÔÄ»ÔÄ»ÔÄ»ÔÄ»ÔÄ»ÔÄ»ÔÄ»ÔÄ»ÔÄ»ÔÄ»ÔÄ»ÔÄ»ÔÄ»ÔÄ»ÔÄ»[
5/13]ÔÄ»[22m[39m

[41m[1m FAIL [22m[49m src/__tests__/csvParser.test.ts[2m > 
[22mdetectCategoryFromLabel (priorit├® sur Penylane)[2m > [22mGITHUB ÔåÆ 
software
[31m[1mAssertionError[22m: expected 'misc' to be 'software' // Object.is 
equality[39m

Expected: [32m"software"[39m
Received: [31m"misc"[39m

[36m [2mÔØ»[22m src/__tests__/csvParser.test.ts:[2m112:70[22m[39m
    [90m110|[39m   }
    [90m111|[39m
    [90m112|[39m   it("GITHUB ÔåÆ software", () => 
expect(parseWithLabel("GITHUB PAY")).tÔÇª
    [90m   |[39m                                                             
         [31m^[39m
    [90m113|[39m   it("STEAM ÔåÆ software", () => 
expect(parseWithLabel("VALVE STEAM")).tÔÇª
    [90m114|[39m   it("Hiscox ÔåÆ insurance", () => 
expect(parseWithLabel("HISCOX ASSURANÔÇª

[31m[2mÔÄ»ÔÄ»ÔÄ»ÔÄ»ÔÄ»ÔÄ»ÔÄ»ÔÄ»ÔÄ»ÔÄ»ÔÄ»ÔÄ»ÔÄ»ÔÄ»ÔÄ»ÔÄ»ÔÄ»ÔÄ»ÔÄ»ÔÄ»ÔÄ»ÔÄ»ÔÄ»[
6/13]ÔÄ»[22m[39m

[41m[1m FAIL [22m[49m src/__tests__/csvParser.test.ts[2m > 
[22mdetectCategoryFromLabel (priorit├® sur Penylane)[2m > [22mSTEAM ÔåÆ 
software
[31m[1mAssertionError[22m: expected 'misc' to be 'software' // Object.is 
equality[39m

Expected: [32m"software"[39m
Received: [31m"misc"[39m

[36m [2mÔØ»[22m src/__tests__/csvParser.test.ts:[2m113:70[22m[39m
    [90m111|[39m
    [90m112|[39m   it("GITHUB ÔåÆ software", () => 
expect(parseWithLabel("GITHUB PAY")).tÔÇª
    [90m113|[39m   it("STEAM ÔåÆ software", () => 
expect(parseWithLabel("VALVE STEAM")).tÔÇª
    [90m   |[39m                                                             
         [31m^[39m
    [90m114|[39m   it("Hiscox ÔåÆ insurance", () => 
expect(parseWithLabel("HISCOX ASSURANÔÇª
    [90m115|[39m   it("Amazon ÔåÆ equipment", () => 
expect(parseWithLabel("AMAZON MARKETPÔÇª

[31m[2mÔÄ»ÔÄ»ÔÄ»ÔÄ»ÔÄ»ÔÄ»ÔÄ»ÔÄ»ÔÄ»ÔÄ»ÔÄ»ÔÄ»ÔÄ»ÔÄ»ÔÄ»ÔÄ»ÔÄ»ÔÄ»ÔÄ»ÔÄ»ÔÄ»ÔÄ»ÔÄ»[
7/13]ÔÄ»[22m[39m

[41m[1m FAIL [22m[49m src/__tests__/csvParser.test.ts[2m > 
[22mdetectCategoryFromLabel (priorit├® sur Penylane)[2m > [22mHiscox ÔåÆ 
insurance
[31m[1mAssertionError[22m: expected 'misc' to be 'insurance' // Object.is 
equality[39m

Expected: [32m"insurance"[39m
Received: [31m"misc"[39m

[36m [2mÔØ»[22m src/__tests__/csvParser.test.ts:[2m114:77[22m[39m
    [90m112|[39m   it("GITHUB ÔåÆ software", () => 
expect(parseWithLabel("GITHUB PAY")).tÔÇª
    [90m113|[39m   it("STEAM ÔåÆ software", () => 
expect(parseWithLabel("VALVE STEAM")).tÔÇª
    [90m114|[39m   it("Hiscox ÔåÆ insurance", () => 
expect(parseWithLabel("HISCOX ASSURANÔÇª
    [90m   |[39m                                                             
                [31m^[39m
    [90m115|[39m   it("Amazon ÔåÆ equipment", () => 
expect(parseWithLabel("AMAZON MARKETPÔÇª
    [90m116|[39m   it("SNCF ÔåÆ travel", () => expect(parseWithLabel("SNCF 
VOYAGE")).toBeÔÇª

[31m[2mÔÄ»ÔÄ»ÔÄ»ÔÄ»ÔÄ»ÔÄ»ÔÄ»ÔÄ»ÔÄ»ÔÄ»ÔÄ»ÔÄ»ÔÄ»ÔÄ»ÔÄ»ÔÄ»ÔÄ»ÔÄ»ÔÄ»ÔÄ»ÔÄ»ÔÄ»ÔÄ»[
8/13]ÔÄ»[22m[39m

[41m[1m FAIL [22m[49m src/__tests__/csvParser.test.ts[2m > 
[22mdetectCategoryFromLabel (priorit├® sur Penylane)[2m > [22mAmazon ÔåÆ 
equipment
[31m[1mAssertionError[22m: expected 'misc' to be 'equipment' // Object.is 
equality[39m

Expected: [32m"equipment"[39m
Received: [31m"misc"[39m

[36m [2mÔØ»[22m src/__tests__/csvParser.test.ts:[2m115:79[22m[39m
    [90m113|[39m   it("STEAM ÔåÆ software", () => 
expect(parseWithLabel("VALVE STEAM")).tÔÇª
    [90m114|[39m   it("Hiscox ÔåÆ insurance", () => 
expect(parseWithLabel("HISCOX ASSURANÔÇª
    [90m115|[39m   it("Amazon ÔåÆ equipment", () => 
expect(parseWithLabel("AMAZON MARKETPÔÇª
    [90m   |[39m                                                             
                  [31m^[39m
    [90m116|[39m   it("SNCF ÔåÆ travel", () => expect(parseWithLabel("SNCF 
VOYAGE")).toBeÔÇª

[2m Test Files [22m [1m[31m1 failed[39m[22m[90m (1)[39m
[2m      Tests [22m [1m[31m13 failed[39m[22m[2m | [22m[1m[32m14 passed[39m[22m[90m (27)[39m
[2m   Start at [22m 19:05:42
[2m   Duration [22m 237ms[2m (transform 49ms, setup 0ms, import 72ms, tests 18ms, environment 0ms)[22m

    [90m117|[39m   it("FREE PRO ÔåÆ hosting", () => 
expect(parseWithLabel("FREE PRO INTERÔÇª

[31m[2mÔÄ»ÔÄ»ÔÄ»ÔÄ»ÔÄ»ÔÄ»ÔÄ»ÔÄ»ÔÄ»ÔÄ»ÔÄ»ÔÄ»ÔÄ»ÔÄ»ÔÄ»ÔÄ»ÔÄ»ÔÄ»ÔÄ»ÔÄ»ÔÄ»ÔÄ»ÔÄ»[
9/13]ÔÄ»[22m[39m

[41m[1m FAIL [22m[49m src/__tests__/csvParser.test.ts[2m > 
[22mdetectCategoryFromLabel (priorit├® sur Penylane)[2m > [22mSNCF ÔåÆ 
travel
[31m[1mAssertionError[22m: expected 'misc' to be 'travel' // Object.is 
equality[39m

Expected: [32m"travel"[39m
Received: [31m"misc"[39m

[36m [2mÔØ»[22m src/__tests__/csvParser.test.ts:[2m116:67[22m[39m
    [90m114|[39m   it("Hiscox ÔåÆ insurance", () => 
expect(parseWithLabel("HISCOX ASSURANÔÇª
    [90m115|[39m   it("Amazon ÔåÆ equipment", () => 
expect(parseWithLabel("AMAZON MARKETPÔÇª
    [90m116|[39m   it("SNCF ÔåÆ travel", () => expect(parseWithLabel("SNCF 
VOYAGE")).toBeÔÇª
    [90m   |[39m                                                             
      [31m^[39m
    [90m117|[39m   it("FREE PRO ÔåÆ hosting", () => 
expect(parseWithLabel("FREE PRO INTERÔÇª
    [90m118|[39m   it("Impots ÔåÆ taxes", () => 
expect(parseWithLabel("IMPOTS TRESOR")).tÔÇª

[31m[2mÔÄ»ÔÄ»ÔÄ»ÔÄ»ÔÄ»ÔÄ»ÔÄ»ÔÄ»ÔÄ»ÔÄ»ÔÄ»ÔÄ»ÔÄ»ÔÄ»ÔÄ»ÔÄ»ÔÄ»ÔÄ»ÔÄ»ÔÄ»ÔÄ»ÔÄ»[10/
13]ÔÄ»[22m[39m

[41m[1m FAIL [22m[49m src/__tests__/csvParser.test.ts[2m > 
[22mdetectCategoryFromLabel (priorit├® sur Penylane)[2m > [22mFREE PRO ÔåÆ 
hosting
[31m[1mAssertionError[22m: expected 'misc' to be 'hosting' // Object.is 
equality[39m

Expected: [32m"hosting"[39m
Received: [31m"misc"[39m

[36m [2mÔØ»[22m src/__tests__/csvParser.test.ts:[2m117:78[22m[39m
    [90m115|[39m   it("Amazon ÔåÆ equipment", () => 
expect(parseWithLabel("AMAZON MARKETPÔÇª
    [90m116|[39m   it("SNCF ÔåÆ travel", () => expect(parseWithLabel("SNCF 
VOYAGE")).toBeÔÇª
    [90m117|[39m   it("FREE PRO ÔåÆ hosting", () => 
expect(parseWithLabel("FREE PRO INTERÔÇª
    [90m   |[39m                                                             
                 [31m^[39m
    [90m118|[39m   it("Impots ÔåÆ taxes", () => 
expect(parseWithLabel("IMPOTS TRESOR")).tÔÇª
    [90m119|[39m })[33m;[39m

[31m[2mÔÄ»ÔÄ»ÔÄ»ÔÄ»ÔÄ»ÔÄ»ÔÄ»ÔÄ»ÔÄ»ÔÄ»ÔÄ»ÔÄ»ÔÄ»ÔÄ»ÔÄ»ÔÄ»ÔÄ»ÔÄ»ÔÄ»ÔÄ»ÔÄ»ÔÄ»[11/
13]ÔÄ»[22m[39m

[41m[1m FAIL [22m[49m src/__tests__/csvParser.test.ts[2m > 
[22mdetectCategoryFromLabel (priorit├® sur Penylane)[2m > [22mImpots ÔåÆ 
taxes
[31m[1mAssertionError[22m: expected 'misc' to be 'taxes' // Object.is 
equality[39m

Expected: [32m"taxes"[39m
Received: [31m"misc"[39m

[36m [2mÔØ»[22m src/__tests__/csvParser.test.ts:[2m118:70[22m[39m
    [90m116|[39m   it("SNCF ÔåÆ travel", () => expect(parseWithLabel("SNCF 
VOYAGE")).toBeÔÇª
    [90m117|[39m   it("FREE PRO ÔåÆ hosting", () => 
expect(parseWithLabel("FREE PRO INTERÔÇª
    [90m118|[39m   it("Impots ÔåÆ taxes", () => 
expect(parseWithLabel("IMPOTS TRESOR")).tÔÇª
    [90m   |[39m                                                             
         [31m^[39m
    [90m119|[39m })[33m;[39m
    [90m120|[39m

[31m[2mÔÄ»ÔÄ»ÔÄ»ÔÄ»ÔÄ»ÔÄ»ÔÄ»ÔÄ»ÔÄ»ÔÄ»ÔÄ»ÔÄ»ÔÄ»ÔÄ»ÔÄ»ÔÄ»ÔÄ»ÔÄ»ÔÄ»ÔÄ»ÔÄ»ÔÄ»[12/
13]ÔÄ»[22m[39m

[41m[1m FAIL [22m[49m src/__tests__/csvParser.test.ts[2m > [22mlecture 
colonne Compte Bancaire et Tiers[2m > [22mlit le tiers depuis la colonne 
'Tiers'
[31m[1mAssertionError[22m: expected undefined to be 'Acme Corp' // 
Object.is equality[39m

[32m- Expected:[39m
"Acme Corp"

[31m+ Received:[39m
undefined

[36m [2mÔØ»[22m src/__tests__/csvParser.test.ts:[2m161:31[22m[39m
    [90m159|[39m     }])[33m;[39m
    [90m160|[39m     [35mconst[39m [tx] [33m=[39m 
[34mparseCsv[39m(csv[33m,[39m [33mBASE_MAPPING[39m)[33m;[39m
    [90m161|[39m     [34mexpect[39m((tx [35mas[39m 
any)[33m.[39mtiers)[33m.[39m[34mtoBe[39m([32m"Acme 
Corp"[39m)[33m;[39m
    [90m   |[39m                               [31m^[39m
    [90m162|[39m   })[33m;[39m
    [90m163|[39m })[33m;[39m

[31m[2mÔÄ»ÔÄ»ÔÄ»ÔÄ»ÔÄ»ÔÄ»ÔÄ»ÔÄ»ÔÄ»ÔÄ»ÔÄ»ÔÄ»ÔÄ»ÔÄ»ÔÄ»ÔÄ»ÔÄ»ÔÄ»ÔÄ»ÔÄ»ÔÄ»ÔÄ»[13/
13]ÔÄ»[22m[39m

